FP pairs: 14810   FN (model-miss) pairs: 41791

FP breakdown
  same core name:            0.544
  same core & numbers differ:0.530
  S1 also has a kept TP:     0.898
  record is a true match of another S1: 0.437 (owner in subset 0.045)
  record has no true owner (distractor): 0.563

FN breakdown
  same core name:            0.548
  numbers differ:            0.901
  p in [0.3, t):             0.459   p < 0.05: 0.172

Sample twin FPs:
              p                                s1_name                                             r_name                                                                                                                            s1_addr                                                                                                                r_addr    true_owner
3168   0.948173                Sks Educational Society                    Limited Sks Educational Society                                      Bhatrapally, Colony More P.O - Nabapally, P.S - Barasat, Kolkata, Parganas North, West Bengal                H.NO #52 BHATRFPALLY, COLONY MORE P.O - NABAPALLY, P.S - BARASAT, KOLKATA, PARGANAS NORTH, West Bengal              
909    0.669031             Ahmedabad Software Limited                    Ahmedabad Software  Private Ltd                                  Ankur Chokadi Tenaments, New India Colony, Nicol Road, Naroda, Gujarat, Ahmedabad, 234, Ahmedabad                                                                                                                        S1-281292538
1537   0.683852  Content India (India) Private Limited                      Content India (India) Limited                                                       At- Plot No- 156, 157, 158, New Industrial Estate, Jagatpur, Cuttack, Orissa                                          AT- PLOT NO- 159, 157, 158, NEW INDUSTRIAL ESTATE, JAGATPUR, CUTTACK, ଓଡ଼ିଶା              
13849  0.731798                    Capital Corporation                            LLC Capital Corporation                                                                                                  399 Peniel Path, Marble Falls, TX                                                                               12 Peniel Path, Marble Falls CDP, Texas              
8841   0.649527                           Quus Trinity                                   QUUS Trinity INC                                                                                                        KS, Newton, 402 12th Street                                                                                    407 Twelfth Street, Newton, Kansas              
8601   0.765295   Sa Corporate (India) Private Limited                       Sa Corporate (India) Limited                                                                          Tiruvallur, Tamil Nadu, Plot No.96, Ambattur, V.G.P Nagar                                                                     Plot No.10, V.g.p Nagar, Ambattur, Tiruvallur, TN              
5762   0.901168                                Ss & Co                            Private Ss & Co Limited                                                           P.No.1/9, Ff, Blk-1, S.Park, Bhola Nath Nagar, R.Ground, Shahdara, Delhi                                           P.NO.A-1/18, FF, BLK-1, S.PARK, BHOLA NATH NAGAR, R.GROUND, SHAHDARA, Delhi              
8106   0.642375              Mumbai Industries Pvt Ltd                         Mumbai Industries  Pvt Ltd                                           Mumbai, 103, Girnar Apartments Mandpeshwar Road, Borivali West, Mumbai City, Maharashtra                                                                       Mumbai City, Bombay, MH, Plot #647 Cts No 103/1  S1-203395675
14707  0.916617                 Bright Finance Limited                             Bright Finance Pvt Ltd                                                                      1506 15Th Floor Galaria Complex Dlf Phase 4, Gurgaon, Haryana                                                         1513 15TH FLOOR GALARIA COMPLEX DLF PHASE 4, GURGAON, Haryana              
11030  0.946837                          Pioneer Aldel                                  Pioneer áldel LLC                                                                                               8508 Standing Oak Dr, Louisville, KY                                                                             850 Standing Oak Dr, Louisville, Kentucky              
4060   0.842492                          Kesaria Sangh                                      kesaria sangh                                                          Concorde Manhattans, Bangalore, Bangalore South, Karnataka, Flat No J 702                                                                                                                        S1-100020585
956    0.690026      Foods Radhe Academyprivate Clinic  Foods Radhe Academyprivate Clinic Private Limited                                                                                 8919/2, Multani Dhanda Paharganj, New Delhi, Delhi                                                                             ##8919/6, MULTANI DHANDA PAHARGANJ, Delhi              
10562  0.674020          Purna Traders Private Limited                              Purna Traders-Private                                                   Flat No 802, Dream Onyx, Plot No 13, Sector 20, Panvel, Raigarh(Mh), Maharashtra                                                                                                                        S1-654403329
5520   0.870028                  Colonial Imperial LLC                                  Colonial Imperial                                                                                           624 Grant Avenue, Unit 9, Ogden City, UT                                                                                                                        S1-271648804
14115  0.924802           Organic Foundation Pvt. Ltd.                         ORGANIC FOUNDATION LIMITED  Survey No.16/1 And Survey No.17/2, Vaishnavi Tech Park, Ambalipura Village, Sarjapura Road, Bangalore South, Bangalore, Karnataka  No 16/12 And Survey No.17/2, Vaishnavi Tech Park, Ambalipura Village, Sarjapura Road, Bangalore South, Bangalore, KA              

Sample FNs:
              p                                 s1_name                                    r_name                                                                                                            s1_addr                                                                                                r_addr
16645  0.472913        Costanza Myer Bancorporation LLC          Costanza Bancorporation Myer LLC                                                                                              6908 18, Stamford, NY                                                                          908 18, Bloomville, New York
7123   0.021577                                    Dous                                      Dous                                                                                  1722 Westminster Drive, Ozark, MO                                                                                                      
353    0.533557        Hotel Technology Private Limited          होटल टेक्नोलॉजी प्राइवेट लिमिटेड                                      1102/5, Spr Buildtech, Sector - 82, Faridabad, Ballabgarh, Faridabad, Haryana                                                         NO 764 1102/5, BALLABGARH, FARIDABAD, Haryana
27292  0.573349                           Pina Atlantic                                 Vioviokor                                                                                  2202 Knoll Drive, Beavercreek, OH                                                                            2202. KNOLL DR, OH, DAYTON
35841  0.088121                    Broad Prime Bhav LLC                      Broad Prime Bhav Llc                                                                                 NC, Lincolnton, 967 Springs Road E                                                                                                      
28528  0.431887             Warner, Lanter & Watson LLC         Wamer, Lanter Watson LLC [Center]                                                                                       2961 5th Street, Gresham, OR                                                                    2961 1/2 FIFTH STREET, OR, GRESHAM
17630  0.284162      Positive Nutrition Private Limited        PRIVATE POSITIVE NUTRITION LIMITED                                                                  First Floor, Delhi, New Delhi, South Delhi, B - 8                                                            #A-65 B - 8, NEW DELHI, SOUTH DELHI, Delhi
32076  0.600999               India Amit Resort Limited             India Amit Limited (Partners)                           R.S.No.488 1 Palki 2 Plot No. 8, Lakhtar State Highway, Lakhtar, Surendra Nagar, Gujarat                   R.s.no.486 1 Palki 2 Plot No. 8, Lakhtar State Highway, Lakhtar, Surendra Nagar, GJ
28691  0.268262                Atlantic Auto Repair LLC                  Atlantic Auto Repair-LLC                                                                                   8024 Cooper Street, Portland, OR                                                                          8026 COOPER ST, OR, PORTLAND
1934   0.042545                        Quantay Critical                            QUANTAY CENTER                                                                                   TX, Round Rock, 2017 Huxley Lane                                                                                                      
4752   0.390625        Classic Software Private Limited                             Yumamira Labs                                                         Vadakoot Building, Door No 230 Pavaratty, Thrissur, Kerala                                            Vadakoot Building, Door No 230 Pavaratty, Thrissur, Kerala
18611  0.536000                    CGY Services Pvt Ltd                          CGY Services Pvt  No. 31/1, South Central Street, 3Rd Cross, Jai Bheem Nagar, Sheshadripuram, Bangalore North, Bangalore, Karnataka  NO. 1/1 , SOUTH CENTRAL STREET, 3RD CROSS, JAI BHEEM NAGAR, SHESHADRIPURAM, BANGALORE NORTH, ಕರ್ನಾಟಕ
22162  0.289753                              XN Rmg LLC                               XN  Rmg LLC                                                                          Charlotte County, VA, 400 Scott Hill Lane                                                                         399 SCOTT HILL LANE, SAXE, VA
3749   0.047374                          UX Special LLC                             UX UX Special                                                                                        10328 Gap Road, Hackett, AR                                                                                                      
41060  0.374460               Boone Legacy Printing LLC                             Boone  Legacy                                                                               3819 25th Street, Town Of Somers, WI                                                                                                      
271    0.269919  Swastik Infrastructure Private Limited  Shri Swastik Infrastructure Private  Ltd              Plot No.373, Road U, Khirasara Industrial Estate, Khirasara, Taluka-Lodhika, Lodhika, Rajkot, Gujarat          Rajkot, Road U, Khirasara Industrial Estate, Khirasara, Taluka-lodhika, Lodhika, 375, ગુજરાત
40919  0.217204             Firefighters Local Union 76          Firefighters Local Union 76 Corp                                                                                        3358 283rd Lane, Auburn, WA                                                                                                      
15455  0.156975        Sithalapakkam Healthcare Pvt Ltd          SITHALAPAKKAM HEALTHCARE PVT LTD                                                Shop No.1, Senthamil Nagar, Sithalapakkam, Kancheepuram, Tamil Nadu                                                                                                      
26526  0.002997     Classic Enterprises Private Limited                     privateclassicent.com                Karnataka, Flat No:G5, Sai Kutir Sy.No.2/1, Thanisandra Village, Bangalore, Near Shoba Crysanthamum                                                                        Flat No:g5, Bangalore, ಕರ್ನಾಟಕ
34252  0.003112                    Green Ncr Associates                                 Green Ncr                                                                                      79 Clark Road, Morgantown, WV                                                                                                      
